Analysis & Synthesis report for roteiro2
Fri Apr 12 22:33:43 2024
Quartus Prime Version 18.1.0 Build 625 09/12/2018 SJ Lite Edition


---------------------
; Table of Contents ;
---------------------
  1. Legal Notice
  2. Analysis & Synthesis Summary
  3. Analysis & Synthesis Settings
  4. Parallel Compilation
  5. Analysis & Synthesis Source Files Read
  6. Analysis & Synthesis Resource Usage Summary
  7. Analysis & Synthesis Resource Utilization by Entity
  8. General Register Statistics
  9. Port Connectivity Checks: "encoder_waterLevel:encoderWL_inst"
 10. Port Connectivity Checks: "drip:drip_inst"
 11. Port Connectivity Checks: "sprinkler:sprinkler_inst"
 12. Analysis & Synthesis Messages
 13. Analysis & Synthesis Suppressed Messages



----------------
; Legal Notice ;
----------------
Copyright (C) 2018  Intel Corporation. All rights reserved.
Your use of Intel Corporation's design tools, logic functions 
and other software and tools, and its AMPP partner logic 
functions, and any output files from any of the foregoing 
(including device programming or simulation files), and any 
associated documentation or information are expressly subject 
to the terms and conditions of the Intel Program License 
Subscription Agreement, the Intel Quartus Prime License Agreement,
the Intel FPGA IP License Agreement, or other applicable license
agreement, including, without limitation, that your use is for
the sole purpose of programming logic devices manufactured by
Intel and sold by Intel or its authorized distributors.  Please
refer to the applicable agreement for further details.



+---------------------------------------------------------------------------+
; Analysis & Synthesis Summary                                              ;
+-----------------------------+---------------------------------------------+
; Analysis & Synthesis Status ; Successful - Fri Apr 12 22:33:43 2024       ;
; Quartus Prime Version       ; 18.1.0 Build 625 09/12/2018 SJ Lite Edition ;
; Revision Name               ; roteiro2                                    ;
; Top-level Entity Name       ; main                                        ;
; Family                      ; MAX II                                      ;
; Total logic elements        ; 3                                           ;
; Total pins                  ; 17                                          ;
; Total virtual pins          ; 0                                           ;
; UFM blocks                  ; 0 / 1 ( 0 % )                               ;
+-----------------------------+---------------------------------------------+


+------------------------------------------------------------------------------------------------------------+
; Analysis & Synthesis Settings                                                                              ;
+------------------------------------------------------------------+--------------------+--------------------+
; Option                                                           ; Setting            ; Default Value      ;
+------------------------------------------------------------------+--------------------+--------------------+
; Device                                                           ; EPM240T100C5       ;                    ;
; Top-level entity name                                            ; main               ; roteiro2           ;
; Family name                                                      ; MAX II             ; Cyclone V          ;
; Use smart compilation                                            ; Off                ; Off                ;
; Enable parallel Assembler and Timing Analyzer during compilation ; On                 ; On                 ;
; Enable compact report table                                      ; Off                ; Off                ;
; Restructure Multiplexers                                         ; Auto               ; Auto               ;
; Create Debugging Nodes for IP Cores                              ; Off                ; Off                ;
; Preserve fewer node names                                        ; On                 ; On                 ;
; Intel FPGA IP Evaluation Mode                                    ; Enable             ; Enable             ;
; Verilog Version                                                  ; Verilog_2001       ; Verilog_2001       ;
; VHDL Version                                                     ; VHDL_1993          ; VHDL_1993          ;
; State Machine Processing                                         ; Auto               ; Auto               ;
; Safe State Machine                                               ; Off                ; Off                ;
; Extract Verilog State Machines                                   ; On                 ; On                 ;
; Extract VHDL State Machines                                      ; On                 ; On                 ;
; Ignore Verilog initial constructs                                ; Off                ; Off                ;
; Iteration limit for constant Verilog loops                       ; 5000               ; 5000               ;
; Iteration limit for non-constant Verilog loops                   ; 250                ; 250                ;
; Add Pass-Through Logic to Inferred RAMs                          ; On                 ; On                 ;
; Infer RAMs from Raw Logic                                        ; On                 ; On                 ;
; Parallel Synthesis                                               ; On                 ; On                 ;
; NOT Gate Push-Back                                               ; On                 ; On                 ;
; Power-Up Don't Care                                              ; On                 ; On                 ;
; Remove Redundant Logic Cells                                     ; Off                ; Off                ;
; Remove Duplicate Registers                                       ; On                 ; On                 ;
; Ignore CARRY Buffers                                             ; Off                ; Off                ;
; Ignore CASCADE Buffers                                           ; Off                ; Off                ;
; Ignore GLOBAL Buffers                                            ; Off                ; Off                ;
; Ignore ROW GLOBAL Buffers                                        ; Off                ; Off                ;
; Ignore LCELL Buffers                                             ; Off                ; Off                ;
; Ignore SOFT Buffers                                              ; On                 ; On                 ;
; Limit AHDL Integers to 32 Bits                                   ; Off                ; Off                ;
; Optimization Technique                                           ; Balanced           ; Balanced           ;
; Carry Chain Length                                               ; 70                 ; 70                 ;
; Auto Carry Chains                                                ; On                 ; On                 ;
; Auto Open-Drain Pins                                             ; On                 ; On                 ;
; Perform WYSIWYG Primitive Resynthesis                            ; Off                ; Off                ;
; Auto Shift Register Replacement                                  ; Auto               ; Auto               ;
; Allow Shift Register Merging across Hierarchies                  ; Auto               ; Auto               ;
; Auto Clock Enable Replacement                                    ; On                 ; On                 ;
; Allow Synchronous Control Signals                                ; On                 ; On                 ;
; Force Use of Synchronous Clear Signals                           ; Off                ; Off                ;
; Auto Resource Sharing                                            ; Off                ; Off                ;
; Use LogicLock Constraints during Resource Balancing              ; On                 ; On                 ;
; Ignore translate_off and synthesis_off directives                ; Off                ; Off                ;
; Report Parameter Settings                                        ; On                 ; On                 ;
; Report Source Assignments                                        ; On                 ; On                 ;
; Report Connectivity Checks                                       ; On                 ; On                 ;
; Ignore Maximum Fan-Out Assignments                               ; Off                ; Off                ;
; Synchronization Register Chain Length                            ; 2                  ; 2                  ;
; Power Optimization During Synthesis                              ; Normal compilation ; Normal compilation ;
; HDL message level                                                ; Level2             ; Level2             ;
; Suppress Register Optimization Related Messages                  ; Off                ; Off                ;
; Number of Removed Registers Reported in Synthesis Report         ; 5000               ; 5000               ;
; Number of Swept Nodes Reported in Synthesis Report               ; 5000               ; 5000               ;
; Number of Inverted Registers Reported in Synthesis Report        ; 100                ; 100                ;
; Clock MUX Protection                                             ; On                 ; On                 ;
; Block Design Naming                                              ; Auto               ; Auto               ;
; Synthesis Effort                                                 ; Auto               ; Auto               ;
; Shift Register Replacement - Allow Asynchronous Clear Signal     ; On                 ; On                 ;
; Analysis & Synthesis Message Level                               ; Medium             ; Medium             ;
; Disable Register Merging Across Hierarchies                      ; Auto               ; Auto               ;
+------------------------------------------------------------------+--------------------+--------------------+


+------------------------------------------+
; Parallel Compilation                     ;
+----------------------------+-------------+
; Processors                 ; Number      ;
+----------------------------+-------------+
; Number detected on machine ; 4           ;
; Maximum allowed            ; 4           ;
;                            ;             ;
; Average used               ; 1.00        ;
; Maximum used               ; 1           ;
;                            ;             ;
; Usage by Processor         ; % Time Used ;
;     Processor 1            ; 100.0%      ;
+----------------------------+-------------+


+-------------------------------------------------------------------------------------------------------------------------------------------------------------------------------------------------------------+
; Analysis & Synthesis Source Files Read                                                                                                                                                                      ;
+----------------------------------+-----------------+------------------------+---------------------------------------------------------------------------------------------------------------------+---------+
; File Name with User-Entered Path ; Used in Netlist ; File Type              ; File Name with Absolute Path                                                                                        ; Library ;
+----------------------------------+-----------------+------------------------+---------------------------------------------------------------------------------------------------------------------+---------+
; error.v                          ; yes             ; User Verilog HDL File  ; F:/Users/marce/Documents/CircuitosDigitais/Projeto1/Projeto_de_Circuitos_Digitais_Problema_1/error.v                ;         ;
; alarm.v                          ; yes             ; User Verilog HDL File  ; F:/Users/marce/Documents/CircuitosDigitais/Projeto1/Projeto_de_Circuitos_Digitais_Problema_1/alarm.v                ;         ;
; valvulaDeEntrada.v               ; yes             ; User Verilog HDL File  ; F:/Users/marce/Documents/CircuitosDigitais/Projeto1/Projeto_de_Circuitos_Digitais_Problema_1/valvulaDeEntrada.v     ;         ;
; main.v                           ; yes             ; User Verilog HDL File  ; F:/Users/marce/Documents/CircuitosDigitais/Projeto1/Projeto_de_Circuitos_Digitais_Problema_1/main.v                 ;         ;
; authorizedToIrrigate.v           ; yes             ; User Verilog HDL File  ; F:/Users/marce/Documents/CircuitosDigitais/Projeto1/Projeto_de_Circuitos_Digitais_Problema_1/authorizedToIrrigate.v ;         ;
; sprinkler.v                      ; yes             ; User Verilog HDL File  ; F:/Users/marce/Documents/CircuitosDigitais/Projeto1/Projeto_de_Circuitos_Digitais_Problema_1/sprinkler.v            ;         ;
; drip.v                           ; yes             ; User Verilog HDL File  ; F:/Users/marce/Documents/CircuitosDigitais/Projeto1/Projeto_de_Circuitos_Digitais_Problema_1/drip.v                 ;         ;
; decoder_waterLevel.v             ; yes             ; User Verilog HDL File  ; F:/Users/marce/Documents/CircuitosDigitais/Projeto1/Projeto_de_Circuitos_Digitais_Problema_1/decoder_waterLevel.v   ;         ;
; encoder_waterLevel.v             ; yes             ; User Verilog HDL File  ; F:/Users/marce/Documents/CircuitosDigitais/Projeto1/Projeto_de_Circuitos_Digitais_Problema_1/encoder_waterLevel.v   ;         ;
+----------------------------------+-----------------+------------------------+---------------------------------------------------------------------------------------------------------------------+---------+


+-----------------------------------------------------+
; Analysis & Synthesis Resource Usage Summary         ;
+---------------------------------------------+-------+
; Resource                                    ; Usage ;
+---------------------------------------------+-------+
; Total logic elements                        ; 3     ;
;     -- Combinational with no register       ; 3     ;
;     -- Register only                        ; 0     ;
;     -- Combinational with a register        ; 0     ;
;                                             ;       ;
; Logic element usage by number of LUT inputs ;       ;
;     -- 4 input functions                    ; 0     ;
;     -- 3 input functions                    ; 3     ;
;     -- 2 input functions                    ; 0     ;
;     -- 1 input functions                    ; 0     ;
;     -- 0 input functions                    ; 0     ;
;                                             ;       ;
; Logic elements by mode                      ;       ;
;     -- normal mode                          ; 3     ;
;     -- arithmetic mode                      ; 0     ;
;     -- qfbk mode                            ; 0     ;
;     -- register cascade mode                ; 0     ;
;     -- synchronous clear/load mode          ; 0     ;
;     -- asynchronous clear/load mode         ; 0     ;
;                                             ;       ;
; Total registers                             ; 0     ;
; I/O pins                                    ; 17    ;
; Maximum fan-out node                        ; high  ;
; Maximum fan-out                             ; 3     ;
; Total fan-out                               ; 12    ;
; Average fan-out                             ; 0.60  ;
+---------------------------------------------+-------+


+-----------------------------------------------------------------------------------------------------------------------------------------------------------------------------------------------------------------------------------------------------------------------------------+
; Analysis & Synthesis Resource Utilization by Entity                                                                                                                                                                                                                               ;
+---------------------------------------------+-------------+--------------+------------+------+--------------+--------------+-------------------+------------------+-----------------+------------+----------------------------------------------+------------------+--------------+
; Compilation Hierarchy Node                  ; Logic Cells ; LC Registers ; UFM Blocks ; Pins ; Virtual Pins ; LUT-Only LCs ; Register-Only LCs ; LUT/Register LCs ; Carry Chain LCs ; Packed LCs ; Full Hierarchy Name                          ; Entity Name      ; Library Name ;
+---------------------------------------------+-------------+--------------+------------+------+--------------+--------------+-------------------+------------------+-----------------+------------+----------------------------------------------+------------------+--------------+
; |main                                       ; 3 (0)       ; 0            ; 0          ; 17   ; 0            ; 3 (0)        ; 0 (0)             ; 0 (0)            ; 0 (0)           ; 0 (0)      ; |main                                        ; main             ; work         ;
;    |alarm:alarm_inst|                       ; 1 (1)       ; 0            ; 0          ; 0    ; 0            ; 1 (1)        ; 0 (0)             ; 0 (0)            ; 0 (0)           ; 0 (0)      ; |main|alarm:alarm_inst                       ; alarm            ; work         ;
;    |error:error_inst|                       ; 1 (1)       ; 0            ; 0          ; 0    ; 0            ; 1 (1)        ; 0 (0)             ; 0 (0)            ; 0 (0)           ; 0 (0)      ; |main|error:error_inst                       ; error            ; work         ;
;    |valvulaDeEntrada:valvulaDeEntrada_inst| ; 1 (1)       ; 0            ; 0          ; 0    ; 0            ; 1 (1)        ; 0 (0)             ; 0 (0)            ; 0 (0)           ; 0 (0)      ; |main|valvulaDeEntrada:valvulaDeEntrada_inst ; valvulaDeEntrada ; work         ;
+---------------------------------------------+-------------+--------------+------------+------+--------------+--------------+-------------------+------------------+-----------------+------------+----------------------------------------------+------------------+--------------+
Note: For table entries with two numbers listed, the numbers in parentheses indicate the number of resources of the given type used by the specific entity alone. The numbers listed outside of parentheses indicate the total resources of the given type used by the specific entity and all of its sub-entities in the hierarchy.


+------------------------------------------------------+
; General Register Statistics                          ;
+----------------------------------------------+-------+
; Statistic                                    ; Value ;
+----------------------------------------------+-------+
; Total registers                              ; 0     ;
; Number of registers using Synchronous Clear  ; 0     ;
; Number of registers using Synchronous Load   ; 0     ;
; Number of registers using Asynchronous Clear ; 0     ;
; Number of registers using Asynchronous Load  ; 0     ;
; Number of registers using Clock Enable       ; 0     ;
; Number of registers using Preset             ; 0     ;
+----------------------------------------------+-------+


+----------------------------------------------------------------------------------------------------------------+
; Port Connectivity Checks: "encoder_waterLevel:encoderWL_inst"                                                  ;
+------+--------+----------+-------------------------------------------------------------------------------------+
; Port ; Type   ; Severity ; Details                                                                             ;
+------+--------+----------+-------------------------------------------------------------------------------------+
; S0   ; Output ; Info     ; Connected to dangling logic. Logic that only feeds a dangling port will be removed. ;
; S1   ; Output ; Info     ; Connected to dangling logic. Logic that only feeds a dangling port will be removed. ;
+------+--------+----------+-------------------------------------------------------------------------------------+


+----------------------------------------------------------------------------------------------------------------+
; Port Connectivity Checks: "drip:drip_inst"                                                                     ;
+------+--------+----------+-------------------------------------------------------------------------------------+
; Port ; Type   ; Severity ; Details                                                                             ;
+------+--------+----------+-------------------------------------------------------------------------------------+
; out  ; Output ; Info     ; Connected to dangling logic. Logic that only feeds a dangling port will be removed. ;
+------+--------+----------+-------------------------------------------------------------------------------------+


+----------------------------------------------------------------------------------------------------------------+
; Port Connectivity Checks: "sprinkler:sprinkler_inst"                                                           ;
+------+--------+----------+-------------------------------------------------------------------------------------+
; Port ; Type   ; Severity ; Details                                                                             ;
+------+--------+----------+-------------------------------------------------------------------------------------+
; out  ; Output ; Info     ; Connected to dangling logic. Logic that only feeds a dangling port will be removed. ;
+------+--------+----------+-------------------------------------------------------------------------------------+


+-------------------------------+
; Analysis & Synthesis Messages ;
+-------------------------------+
Info: *******************************************************************
Info: Running Quartus Prime Analysis & Synthesis
    Info: Version 18.1.0 Build 625 09/12/2018 SJ Lite Edition
    Info: Processing started: Fri Apr 12 22:33:24 2024
Info: Command: quartus_map --read_settings_files=on --write_settings_files=off roteiro2 -c roteiro2
Warning (18236): Number of processors has not been specified which may cause overloading on shared machines.  Set the global assignment NUM_PARALLEL_PROCESSORS in your QSF to an appropriate value for best performance.
Info (20030): Parallel compilation is enabled and will use 4 of the 4 processors detected
Info (12021): Found 1 design units, including 1 entities, in source file error.v
    Info (12023): Found entity 1: error File: F:/Users/marce/Documents/CircuitosDigitais/Projeto1/Projeto_de_Circuitos_Digitais_Problema_1/error.v Line: 1
Info (12021): Found 1 design units, including 1 entities, in source file alarm.v
    Info (12023): Found entity 1: alarm File: F:/Users/marce/Documents/CircuitosDigitais/Projeto1/Projeto_de_Circuitos_Digitais_Problema_1/alarm.v Line: 1
Info (12021): Found 1 design units, including 1 entities, in source file valvuladeentrada.v
    Info (12023): Found entity 1: valvulaDeEntrada File: F:/Users/marce/Documents/CircuitosDigitais/Projeto1/Projeto_de_Circuitos_Digitais_Problema_1/valvulaDeEntrada.v Line: 1
Info (12021): Found 1 design units, including 1 entities, in source file main.v
    Info (12023): Found entity 1: main File: F:/Users/marce/Documents/CircuitosDigitais/Projeto1/Projeto_de_Circuitos_Digitais_Problema_1/main.v Line: 1
Info (12021): Found 1 design units, including 1 entities, in source file authorizedtoirrigate.v
    Info (12023): Found entity 1: authorizedToIrrigate File: F:/Users/marce/Documents/CircuitosDigitais/Projeto1/Projeto_de_Circuitos_Digitais_Problema_1/authorizedToIrrigate.v Line: 1
Info (12021): Found 1 design units, including 1 entities, in source file sprinkler.v
    Info (12023): Found entity 1: sprinkler File: F:/Users/marce/Documents/CircuitosDigitais/Projeto1/Projeto_de_Circuitos_Digitais_Problema_1/sprinkler.v Line: 1
Info (12021): Found 1 design units, including 1 entities, in source file drip.v
    Info (12023): Found entity 1: drip File: F:/Users/marce/Documents/CircuitosDigitais/Projeto1/Projeto_de_Circuitos_Digitais_Problema_1/drip.v Line: 1
Info (12021): Found 1 design units, including 1 entities, in source file decoder_waterlevel.v
    Info (12023): Found entity 1: decoder_waterLevel File: F:/Users/marce/Documents/CircuitosDigitais/Projeto1/Projeto_de_Circuitos_Digitais_Problema_1/decoder_waterLevel.v Line: 1
Info (12021): Found 1 design units, including 1 entities, in source file encoder_waterlevel.v
    Info (12023): Found entity 1: encoder_waterLevel File: F:/Users/marce/Documents/CircuitosDigitais/Projeto1/Projeto_de_Circuitos_Digitais_Problema_1/encoder_waterLevel.v Line: 1
Warning (10236): Verilog HDL Implicit Net warning at main.v(76): created implicit net for "Bit0" File: F:/Users/marce/Documents/CircuitosDigitais/Projeto1/Projeto_de_Circuitos_Digitais_Problema_1/main.v Line: 76
Warning (10236): Verilog HDL Implicit Net warning at main.v(77): created implicit net for "Bit1" File: F:/Users/marce/Documents/CircuitosDigitais/Projeto1/Projeto_de_Circuitos_Digitais_Problema_1/main.v Line: 77
Info (12127): Elaborating entity "main" for the top level hierarchy
Info (12128): Elaborating entity "error" for hierarchy "error:error_inst" File: F:/Users/marce/Documents/CircuitosDigitais/Projeto1/Projeto_de_Circuitos_Digitais_Problema_1/main.v Line: 30
Info (12128): Elaborating entity "alarm" for hierarchy "alarm:alarm_inst" File: F:/Users/marce/Documents/CircuitosDigitais/Projeto1/Projeto_de_Circuitos_Digitais_Problema_1/main.v Line: 37
Info (12128): Elaborating entity "valvulaDeEntrada" for hierarchy "valvulaDeEntrada:valvulaDeEntrada_inst" File: F:/Users/marce/Documents/CircuitosDigitais/Projeto1/Projeto_de_Circuitos_Digitais_Problema_1/main.v Line: 44
Info (12128): Elaborating entity "authorizedToIrrigate" for hierarchy "authorizedToIrrigate:authorizedToIrrigate_inst" File: F:/Users/marce/Documents/CircuitosDigitais/Projeto1/Projeto_de_Circuitos_Digitais_Problema_1/main.v Line: 51
Info (12128): Elaborating entity "sprinkler" for hierarchy "sprinkler:sprinkler_inst" File: F:/Users/marce/Documents/CircuitosDigitais/Projeto1/Projeto_de_Circuitos_Digitais_Problema_1/main.v Line: 60
Info (12128): Elaborating entity "drip" for hierarchy "drip:drip_inst" File: F:/Users/marce/Documents/CircuitosDigitais/Projeto1/Projeto_de_Circuitos_Digitais_Problema_1/main.v Line: 69
Info (12128): Elaborating entity "encoder_waterLevel" for hierarchy "encoder_waterLevel:encoderWL_inst" File: F:/Users/marce/Documents/CircuitosDigitais/Projeto1/Projeto_de_Circuitos_Digitais_Problema_1/main.v Line: 78
Info (12128): Elaborating entity "decoder_waterLevel" for hierarchy "decoder_waterLevel:decoderWL_inst" File: F:/Users/marce/Documents/CircuitosDigitais/Projeto1/Projeto_de_Circuitos_Digitais_Problema_1/main.v Line: 96
Warning (13024): Output pins are stuck at VCC or GND
    Warning (13410): Pin "a" is stuck at GND File: F:/Users/marce/Documents/CircuitosDigitais/Projeto1/Projeto_de_Circuitos_Digitais_Problema_1/main.v Line: 11
    Warning (13410): Pin "b" is stuck at GND File: F:/Users/marce/Documents/CircuitosDigitais/Projeto1/Projeto_de_Circuitos_Digitais_Problema_1/main.v Line: 12
    Warning (13410): Pin "c" is stuck at GND File: F:/Users/marce/Documents/CircuitosDigitais/Projeto1/Projeto_de_Circuitos_Digitais_Problema_1/main.v Line: 13
    Warning (13410): Pin "d" is stuck at GND File: F:/Users/marce/Documents/CircuitosDigitais/Projeto1/Projeto_de_Circuitos_Digitais_Problema_1/main.v Line: 14
    Warning (13410): Pin "e" is stuck at GND File: F:/Users/marce/Documents/CircuitosDigitais/Projeto1/Projeto_de_Circuitos_Digitais_Problema_1/main.v Line: 15
    Warning (13410): Pin "f" is stuck at GND File: F:/Users/marce/Documents/CircuitosDigitais/Projeto1/Projeto_de_Circuitos_Digitais_Problema_1/main.v Line: 16
    Warning (13410): Pin "g" is stuck at GND File: F:/Users/marce/Documents/CircuitosDigitais/Projeto1/Projeto_de_Circuitos_Digitais_Problema_1/main.v Line: 17
    Warning (13410): Pin "digit" is stuck at GND File: F:/Users/marce/Documents/CircuitosDigitais/Projeto1/Projeto_de_Circuitos_Digitais_Problema_1/main.v Line: 19
Warning (21074): Design contains 3 input pin(s) that do not drive logic
    Warning (15610): No output dependent on input pin "umidadeDoSolo" File: F:/Users/marce/Documents/CircuitosDigitais/Projeto1/Projeto_de_Circuitos_Digitais_Problema_1/main.v Line: 5
    Warning (15610): No output dependent on input pin "umidadeDoAr" File: F:/Users/marce/Documents/CircuitosDigitais/Projeto1/Projeto_de_Circuitos_Digitais_Problema_1/main.v Line: 6
    Warning (15610): No output dependent on input pin "temperatura" File: F:/Users/marce/Documents/CircuitosDigitais/Projeto1/Projeto_de_Circuitos_Digitais_Problema_1/main.v Line: 7
Info (21057): Implemented 20 device resources after synthesis - the final resource count might be different
    Info (21058): Implemented 6 input pins
    Info (21059): Implemented 11 output pins
    Info (21061): Implemented 3 logic cells
Info (144001): Generated suppressed messages file F:/Users/marce/Documents/CircuitosDigitais/Projeto1/Projeto_de_Circuitos_Digitais_Problema_1/output_files/roteiro2.map.smsg
Info: Quartus Prime Analysis & Synthesis was successful. 0 errors, 16 warnings
    Info: Peak virtual memory: 4702 megabytes
    Info: Processing ended: Fri Apr 12 22:33:43 2024
    Info: Elapsed time: 00:00:19
    Info: Total CPU time (on all processors): 00:00:30


+------------------------------------------+
; Analysis & Synthesis Suppressed Messages ;
+------------------------------------------+
The suppressed messages can be found in F:/Users/marce/Documents/CircuitosDigitais/Projeto1/Projeto_de_Circuitos_Digitais_Problema_1/output_files/roteiro2.map.smsg.


